
> allindiamarketingsolution-agency@0.1.0 build
> next build

node.exe : Warning: Custom Cache-Control headers 
detected for the following routes:
At line:1 char:1
+ & "C:\Program Files\nodejs/node.exe" 
"C:\Users\91935\AppData\Roaming\ ...
+ ~~~~~~~~~~~~~~~~~~~~~~~~~~~~~~~~~~~~~~~~~~~~~~~~~~~~~~
~~~~~~~~~~~~~~~
    + CategoryInfo          : NotSpecified: (Warning: C 
   ustom...llowing routes::String) [], RemoteException
    + FullyQualifiedErrorId : NativeCommandError
 
  - /_next/static/(.*)

Setting a custom Cache-Control header can break Next.js 
development behavior.
Γû▓ Next.js 16.2.1 (Turbopack)

  Creating an optimized production build ...
Γ£ô Compiled successfully in 20.4s
  Running TypeScript ...
  Finished TypeScript in 14.2s ...
  Collecting page data using 7 workers ...
  Generating static pages using 7 workers (0/104) ...
  Generating static pages using 7 workers (26/104) 
  Generating static pages using 7 workers (52/104) 
  Generating static pages using 7 workers (78/104) 
Γ£ô Generating static pages using 7 workers (104/104) in 5.3s
  Finalizing page optimization ...

Route (app)
Γöî Γùï /
Γö£ Γùï /_not-found
Γö£ Γùï /about
Γö£ Γùï /blog
Γö£ Γùï /case-studies
Γö£ Γùï /contact
Γö£ Γùï /privacy
Γö£ Γùï /robots.txt
Γö£ Γùï /services
Γö£ ΓùÅ /services/[service]/[subService]
Γöé Γö£ /services/seo/technical-seo
Γöé Γö£ /services/seo/on-page-seo
Γöé Γö£ /services/seo/off-page-seo
Γöé Γöö [+79 more paths]
Γö£ Γùï /services/ai-automation
Γö£ Γùï /services/app-development
Γö£ Γùï /services/graphic-design
Γö£ Γùï /services/lead-generation
Γö£ Γùï /services/paid-ads
Γö£ Γùï /services/seo
Γö£ Γùï /services/social-media
Γö£ Γùï /services/web-development
Γö£ Γùï /sitemap-html
Γö£ Γùï /sitemap.xml
Γöö Γùï /terms


Γùï  (Static)  prerendered as static content
ΓùÅ  (SSG)     prerendered as static HTML (uses generateStaticParams)

